?   	deepthought-cli/cmd/deepthought-cli	[no test files]
?   	deepthought-cli/cmd/deepthought-server	[no test files]
ok  	deepthought-cli/internal/alcove	0.278s
ok  	deepthought-cli/internal/app	1.149s
ok  	deepthought-cli/internal/assimilation	0.034s
ok  	deepthought-cli/internal/babel	0.028s
ok  	deepthought-cli/internal/commands	0.009s
ok  	deepthought-cli/internal/config	0.261s
ok  	deepthought-cli/internal/cron	0.008s
ok  	deepthought-cli/internal/history	4.185s
ok  	deepthought-cli/internal/historytools	0.021s
ok  	deepthought-cli/internal/keybindings	0.007s
ok  	deepthought-cli/internal/queen	0.036s
ok  	deepthought-cli/internal/residency	0.022s
ok  	deepthought-cli/internal/science	0.041s
ok  	deepthought-cli/internal/server	0.063s
ok  	deepthought-cli/internal/skills	0.041s
ok  	deepthought-cli/internal/slurm	0.623s
ok  	deepthought-cli/internal/tools	0.287s
ok  	deepthought-cli/internal/transwarp	0.011s
--- FAIL: TestSplashRequiresExplicitChoice (0.01s)
    reliability_test.go:25: server choice should explain availability
FAIL
FAIL	deepthought-cli/internal/tui	0.186s
ok  	deepthought-cli/internal/unimatrix	0.030s
ok  	deepthought-cli/internal/workflow	0.309s
FAIL
